Renesas Optimizing Linker (W3.05.00 )             18-Jan-2024 09:25:48

*** Options ***

-subcommand=Linkerdemombrtu.tmp
-MAKEUD=D:\phanmem\learn_renasas\demombrtu\HardwareDebug/demombrtu_l.ud
-noprelink
-input=".\src\demombrtu.obj"
-input=".\src/modbus/ascii\mbascii.obj"
-input=".\src/modbus/functions\mbfunccoils.obj"
-input=".\src/modbus/functions\mbfuncdisc.obj"
-input=".\src/modbus/functions\mbfuncholding.obj"
-input=".\src/modbus/functions\mbfuncinput.obj"
-input=".\src/modbus/functions\mbfuncother.obj"
-input=".\src/modbus/functions\mbutils.obj"
-input=".\src/modbus\mb.obj"
-input=".\src/modbus/modebus_port\portevent.obj"
-input=".\src/modbus/modebus_port\portserial.obj"
-input=".\src/modbus/modebus_port\porttimer.obj"
-input=".\src/modbus/rtu\mbcrc.obj"
-input=".\src/modbus/rtu\mbrtu.obj"
-input=".\src/modbus/tcp\mbtcp.obj"
-input=".\src/modbus\user_mb_app.obj"
-input=".\src/smc_gen/Config_CMT0\Config_CMT0.obj"
-input=".\src/smc_gen/Config_CMT0\Config_CMT0_user.obj"
-input=".\src/smc_gen/Config_PORT\Config_PORT.obj"
-input=".\src/smc_gen/Config_PORT\Config_PORT_user.obj"
-input=".\src/smc_gen/Config_SCI12\Config_SCI12.obj"
-input=".\src/smc_gen/Config_SCI12\Config_SCI12_user.obj"
-input=".\src/smc_gen/general\r_cg_hardware_setup.obj"
-input=".\src/smc_gen/general\r_smc_cgc.obj"
-input=".\src/smc_gen/general\r_smc_cgc_user.obj"
-input=".\src/smc_gen/general\r_smc_interrupt.obj"
-input=".\src/smc_gen/r_bsp/board/generic_rx130\hwsetup.obj"
-input=".\src/smc_gen/r_bsp/mcu/all\dbsct.obj"
-input=".\src/smc_gen/r_bsp/mcu/all\lowlvl.obj"
-input=".\src/smc_gen/r_bsp/mcu/all\lowsrc.obj"
-input=".\src/smc_gen/r_bsp/mcu/all\mcu_locks.obj"
-input=".\src/smc_gen/r_bsp/mcu/all\r_bsp_common.obj"
-input=".\src/smc_gen/r_bsp/mcu/all\r_bsp_cpu.obj"
-input=".\src/smc_gen/r_bsp/mcu/all\r_bsp_interrupts.obj"
-input=".\src/smc_gen/r_bsp/mcu/all\r_bsp_locking.obj"
-input=".\src/smc_gen/r_bsp/mcu/all\r_bsp_mcu_startup.obj"
-input=".\src/smc_gen/r_bsp/mcu/all\r_bsp_software_interrupt.obj"
-input=".\src/smc_gen/r_bsp/mcu/all\r_rx_intrinsic_functions.obj"
-input=".\src/smc_gen/r_bsp/mcu/all\resetprg.obj"
-input=".\src/smc_gen/r_bsp/mcu/all\sbrk.obj"
-input=".\src/smc_gen/r_bsp/mcu/rx130\mcu_clocks.obj"
-input=".\src/smc_gen/r_bsp/mcu/rx130\mcu_init.obj"
-input=".\src/smc_gen/r_bsp/mcu/rx130\mcu_interrupts.obj"
-input=".\src/smc_gen/r_bsp/mcu/rx130\vecttbl.obj"
-input=".\src/smc_gen/r_gpio_rx/src\r_gpio_rx.obj"
-input=".\src/smc_gen/r_gpio_rx/src/targets/rx130\r_gpio_rx130.obj"
-input=".\src/smc_gen/r_pincfg\Pin.obj"
-library=".\demombrtu.lib"
-start=SU,SI,B_1,R_1,B_2,R_2,B,R/04,PResetPRG,C_1,C_2,C,C$*,D*,W*,L,P/0FFFE0000,FIXEDVECT/0FFFFFF80
-output="demombrtu.abs"
-form=absolute
-nomessage
-vect=_undefined_interrupt_source_isr
-list=demombrtu.map
-nooptimize
-rom=D=R,D_1=R_1,D_2=R_2
-cpu=RAM=00000000-00003fff,FIX=00080000-00083fff,FIX=00086000-00087fff,FIX=00088000-0008dfff,FIX=00090000-0009ffff,FIX=000a0000-000bffff,FIX=000c0000-000fffff,ROM=00100000-00101fff,FIX=007fc000-007fc4ff,FIX=007ffc00-007fffff,ROM=fffe0000-ffffffff
-nologo

*** Error information ***

*** Mapping List ***

SECTION                            START      END         SIZE   ALIGN
SU
                                  00000004  00000403       400   4
SI
                                  00000404  00000503       100   4
B_1
                                  00000504  00000826       323   1
R_1
                                  00000827  00000878        52   1
B_2
                                  0000087a  00000a21       1a8   2
R_2
                                  00000a22  00000a2f         e   2
B
                                  00000a30  00000fcb       59c   4
R
                                  00000fcc  000012d7       30c   4
PResetPRG
                                  fffe0000  fffe0053        54   1
C_1
                                  fffe0054  fffe0371       31e   1
C_2
                                  fffe0372  fffe057b       20a   2
C
                                  fffe057c  fffe0633        b8   4
C$DSEC
                                  fffe0634  fffe0657        24   4
C$BSEC
                                  fffe0658  fffe066f        18   4
C$VECT
                                  fffe0670  fffe0a6f       400   4
D
                                  fffe0a70  fffe0d7b       30c   4
D_1
                                  fffe0d7c  fffe0dcd        52   1
D_2
                                  fffe0dce  fffe0ddb         e   2
W
                                  fffe0ddc  fffe0ddc         0   4
W_1
                                  fffe0ddc  fffe0deb        10   1
W_2
                                  fffe0dec  fffe0dfd        12   2
L
                                  fffe0e00  fffe0ea4        a5   4
P
                                  fffe0ea5  fffe4afe      3c5a   1
FIXEDVECT
                                  ffffff80  ffffffff        80   4
